// Jest Snapshot v1, https://goo.gl/fbAQLP

exports[`Testing al cliente Es Franklin 2 1`] = `
Object {
  "balance": 500,
  "nombre": "Franklin GaBriel",
  "tipo": "Premium",
}
`;
